2026-09-11 09:21:17,103 [INFO] ================================================================================
2026-09-11 09:21:17,103 [INFO] STARTING SYNTHESIS PIPELINE: 100 records | Seed=42 | Prompt=v2_few_shot_constrained
2026-09-11 09:21:17,103 [INFO] ================================================================================
2026-09-11 09:21:17,106 [INFO] [REC-CYB-0001] PASSED on initial attempt 0.
2026-09-11 09:21:17,108 [INFO] [REC-CYB-0002] PASSED on initial attempt 0.
2026-09-11 09:21:17,110 [INFO] [REC-CYB-0003] PASSED on initial attempt 0.
2026-09-11 09:21:17,112 [INFO] [REC-CYB-0004] PASSED on initial attempt 0.
2026-09-11 09:21:17,114 [INFO] [REC-CYB-0005] PASSED on initial attempt 0.
2026-09-11 09:21:17,116 [INFO] [REC-CYB-0006] PASSED on initial attempt 0.
2026-09-11 09:21:17,121 [INFO] [REC-CYB-0007] PASSED on initial attempt 0.
2026-09-11 09:21:17,124 [WARNING] [REC-CYB-0008] Attempt 0 FAILED (1 errors): Align score with status 'FAILED_TESTS' to be within [(30, 69)].
2026-09-11 09:21:17,126 [INFO] [REC-CYB-0008] SELF-CORRECTED successfully on attempt 1.
2026-09-11 09:21:17,128 [INFO] [REC-CYB-0009] PASSED on initial attempt 0.
2026-09-11 09:21:17,130 [INFO] [REC-CYB-0010] PASSED on initial attempt 0.
2026-09-11 09:21:17,132 [INFO] [REC-CYB-0011] PASSED on initial attempt 0.
2026-09-11 09:21:17,136 [INFO] [REC-CYB-0012] PASSED on initial attempt 0.
2026-09-11 09:21:17,139 [INFO] [REC-CYB-0013] PASSED on initial attempt 0.
2026-09-11 09:21:17,141 [INFO] [REC-CYB-0014] PASSED on initial attempt 0.
2026-09-11 09:21:17,143 [INFO] [REC-CYB-0015] PASSED on initial attempt 0.
2026-09-11 09:21:17,145 [INFO] [REC-CYB-0016] PASSED on initial attempt 0.
2026-09-11 09:21:17,147 [INFO] [REC-CYB-0017] PASSED on initial attempt 0.
2026-09-11 09:21:17,149 [INFO] [REC-CYB-0018] PASSED on initial attempt 0.
2026-09-11 09:21:17,154 [WARNING] [REC-CYB-0019] Attempt 0 FAILED (1 errors): Rebalance rubric criteria so that weight_percent values sum exactly to 100.
2026-09-11 09:21:17,159 [INFO] [REC-CYB-0019] SELF-CORRECTED successfully on attempt 1.
2026-09-11 09:21:17,161 [INFO] [REC-CYB-0020] PASSED on initial attempt 0.
2026-09-11 09:21:17,163 [INFO] [REC-CYB-0021] PASSED on initial attempt 0.
2026-09-11 09:21:17,165 [INFO] [REC-CYB-0022] PASSED on initial attempt 0.
2026-09-11 09:21:17,167 [INFO] [REC-CYB-0023] PASSED on initial attempt 0.
2026-09-11 09:21:17,172 [INFO] [REC-CYB-0024] PASSED on initial attempt 0.
2026-09-11 09:21:17,174 [INFO] [REC-CYB-0025] PASSED on initial attempt 0.
2026-09-11 09:21:17,176 [INFO] [REC-CYB-0026] PASSED on initial attempt 0.
2026-09-11 09:21:17,178 [INFO] [REC-CYB-0027] PASSED on initial attempt 0.
2026-09-11 09:21:17,180 [INFO] [REC-CYB-0028] PASSED on initial attempt 0.
2026-09-11 09:21:17,182 [INFO] [REC-CYB-0029] PASSED on initial attempt 0.
2026-09-11 09:21:17,187 [INFO] [REC-CYB-0030] PASSED on initial attempt 0.
2026-09-11 09:21:17,190 [INFO] [REC-CYB-0031] PASSED on initial attempt 0.
2026-09-11 09:21:17,192 [INFO] [REC-CYB-0032] PASSED on initial attempt 0.
2026-09-11 09:21:17,194 [INFO] [REC-CYB-0033] PASSED on initial attempt 0.
2026-09-11 09:21:17,196 [INFO] [REC-CYB-0034] PASSED on initial attempt 0.
2026-09-11 09:21:17,198 [INFO] [REC-CYB-0035] PASSED on initial attempt 0.
2026-09-11 09:21:17,203 [WARNING] [REC-CYB-0036] Attempt 0 FAILED (1 errors): Remove all placeholders and replace with real domain code/text.
2026-09-11 09:21:17,206 [INFO] [REC-CYB-0036] SELF-CORRECTED successfully on attempt 1.
2026-09-11 09:21:17,208 [INFO] [REC-CYB-0037] PASSED on initial attempt 0.
2026-09-11 09:21:17,210 [INFO] [REC-CYB-0038] PASSED on initial attempt 0.
2026-09-11 09:21:17,212 [INFO] [REC-CYB-0039] PASSED on initial attempt 0.
2026-09-11 09:21:17,214 [INFO] [REC-CYB-0040] PASSED on initial attempt 0.
2026-09-11 09:21:17,216 [INFO] [REC-CYB-0041] PASSED on initial attempt 0.
2026-09-11 09:21:17,222 [INFO] [REC-CYB-0042] PASSED on initial attempt 0.
2026-09-11 09:21:17,225 [INFO] [REC-CYB-0043] PASSED on initial attempt 0.
2026-09-11 09:21:17,227 [INFO] [REC-CYB-0044] PASSED on initial attempt 0.
2026-09-11 09:21:17,230 [INFO] [REC-CYB-0045] PASSED on initial attempt 0.
2026-09-11 09:21:17,232 [INFO] [REC-CYB-0046] PASSED on initial attempt 0.
2026-09-11 09:21:17,236 [INFO] [REC-CYB-0047] PASSED on initial attempt 0.
2026-09-11 09:21:17,239 [INFO] [REC-CYB-0048] PASSED on initial attempt 0.
2026-09-11 09:21:17,242 [INFO] [REC-CYB-0049] PASSED on initial attempt 0.
2026-09-11 09:21:17,243 [INFO] [REC-CYB-0050] PASSED on initial attempt 0.
2026-09-11 09:21:17,245 [INFO] [REC-CYB-0051] PASSED on initial attempt 0.
2026-09-11 09:21:17,247 [INFO] [REC-CYB-0052] PASSED on initial attempt 0.
2026-09-11 09:21:17,249 [WARNING] [REC-CYB-0053] Attempt 0 FAILED (1 errors): Align score with status 'FAILED_TESTS' to be within [(30, 69)].
2026-09-11 09:21:17,255 [INFO] [REC-CYB-0053] SELF-CORRECTED successfully on attempt 1.
2026-09-11 09:21:17,257 [INFO] [REC-CYB-0054] PASSED on initial attempt 0.
2026-09-11 09:21:17,259 [INFO] [REC-CYB-0055] PASSED on initial attempt 0.
2026-09-11 09:21:17,261 [INFO] [REC-CYB-0056] PASSED on initial attempt 0.
2026-09-11 09:21:17,263 [INFO] [REC-CYB-0057] PASSED on initial attempt 0.
2026-09-11 09:21:17,265 [INFO] [REC-CYB-0058] PASSED on initial attempt 0.
2026-09-11 09:21:17,271 [INFO] [REC-CYB-0059] PASSED on initial attempt 0.
2026-09-11 09:21:17,273 [INFO] [REC-CYB-0060] PASSED on initial attempt 0.
2026-09-11 09:21:17,275 [INFO] [REC-CYB-0061] PASSED on initial attempt 0.
2026-09-11 09:21:17,278 [INFO] [REC-CYB-0062] PASSED on initial attempt 0.
2026-09-11 09:21:17,281 [INFO] [REC-CYB-0063] PASSED on initial attempt 0.
2026-09-11 09:21:17,286 [INFO] [REC-CYB-0064] PASSED on initial attempt 0.
2026-09-11 09:21:17,290 [INFO] [REC-CYB-0065] PASSED on initial attempt 0.
2026-09-11 09:21:17,292 [INFO] [REC-CYB-0066] PASSED on initial attempt 0.
2026-09-11 09:21:17,294 [INFO] [REC-CYB-0067] PASSED on initial attempt 0.
2026-09-11 09:21:17,296 [INFO] [REC-CYB-0068] PASSED on initial attempt 0.
2026-09-11 09:21:17,298 [WARNING] [REC-CYB-0069] Attempt 0 FAILED (1 errors): Remove all placeholders and replace with real domain code/text.
2026-09-11 09:21:17,300 [INFO] [REC-CYB-0069] SELF-CORRECTED successfully on attempt 1.
2026-09-11 09:21:17,306 [INFO] [REC-CYB-0070] PASSED on initial attempt 0.
2026-09-11 09:21:17,309 [INFO] [REC-CYB-0071] PASSED on initial attempt 0.
2026-09-11 09:21:17,311 [INFO] [REC-CYB-0072] PASSED on initial attempt 0.
2026-09-11 09:21:17,314 [INFO] [REC-CYB-0073] PASSED on initial attempt 0.
2026-09-11 09:21:17,316 [INFO] [REC-CYB-0074] PASSED on initial attempt 0.
2026-09-11 09:21:17,320 [INFO] [REC-CYB-0075] PASSED on initial attempt 0.
2026-09-11 09:21:17,323 [INFO] [REC-CYB-0076] PASSED on initial attempt 0.
2026-09-11 09:21:17,327 [INFO] [REC-CYB-0077] PASSED on initial attempt 0.
2026-09-11 09:21:17,329 [INFO] [REC-CYB-0078] PASSED on initial attempt 0.
2026-09-11 09:21:17,331 [INFO] [REC-CYB-0079] PASSED on initial attempt 0.
2026-09-11 09:21:17,333 [INFO] [REC-CYB-0080] PASSED on initial attempt 0.
2026-09-11 09:21:17,337 [INFO] [REC-CYB-0081] PASSED on initial attempt 0.
2026-09-11 09:21:17,340 [INFO] [REC-CYB-0082] PASSED on initial attempt 0.
2026-09-11 09:21:17,342 [INFO] [REC-CYB-0083] PASSED on initial attempt 0.
2026-09-11 09:21:17,344 [WARNING] [REC-CYB-0084] Attempt 0 FAILED (1 errors): Remove all placeholders and replace with real domain code/text.
2026-09-11 09:21:17,346 [INFO] [REC-CYB-0084] SELF-CORRECTED successfully on attempt 1.
2026-09-11 09:21:17,348 [INFO] [REC-CYB-0085] PASSED on initial attempt 0.
2026-09-11 09:21:17,350 [INFO] [REC-CYB-0086] PASSED on initial attempt 0.
2026-09-11 09:21:17,354 [INFO] [REC-CYB-0087] PASSED on initial attempt 0.
2026-09-11 09:21:17,357 [INFO] [REC-CYB-0088] PASSED on initial attempt 0.
2026-09-11 09:21:17,359 [INFO] [REC-CYB-0089] PASSED on initial attempt 0.
2026-09-11 09:21:17,361 [INFO] [REC-CYB-0090] PASSED on initial attempt 0.
2026-09-11 09:21:17,363 [INFO] [REC-CYB-0091] PASSED on initial attempt 0.
2026-09-11 09:21:17,365 [INFO] [REC-CYB-0092] PASSED on initial attempt 0.
2026-09-11 09:21:17,367 [INFO] [REC-CYB-0093] PASSED on initial attempt 0.
2026-09-11 09:21:17,371 [INFO] [REC-CYB-0094] PASSED on initial attempt 0.
2026-09-11 09:21:17,373 [INFO] [REC-CYB-0095] PASSED on initial attempt 0.
2026-09-11 09:21:17,376 [INFO] [REC-CYB-0096] PASSED on initial attempt 0.
2026-09-11 09:21:17,378 [INFO] [REC-CYB-0097] PASSED on initial attempt 0.
2026-09-11 09:21:17,380 [INFO] [REC-CYB-0098] PASSED on initial attempt 0.
2026-09-11 09:21:17,382 [INFO] [REC-CYB-0099] PASSED on initial attempt 0.
2026-09-11 09:21:17,384 [INFO] [REC-CYB-0100] PASSED on initial attempt 0.
2026-09-11 09:21:17,399 [INFO] ================================================================================
2026-09-11 09:21:17,399 [INFO] SYNTHESIS COMPLETED: 100 records saved to JSON & CSV.
2026-09-11 09:21:17,399 [INFO] Summary: {'total_requested': 100, 'passed_immediate_iter0': 94, 'corrected_in_loop': 6, 'fallback_applied': 0, 'total_retries_executed': 6, 'correction_events': [{'record_id': 'REC-CYB-0008', 'resolved_at_attempt': 1, 'status': 'CORRECTED'}, {'record_id': 'REC-CYB-0019', 'resolved_at_attempt': 1, 'status': 'CORRECTED'}, {'record_id': 'REC-CYB-0036', 'resolved_at_attempt': 1, 'status': 'CORRECTED'}, {'record_id': 'REC-CYB-0053', 'resolved_at_attempt': 1, 'status': 'CORRECTED'}, {'record_id': 'REC-CYB-0069', 'resolved_at_attempt': 1, 'status': 'CORRECTED'}, {'record_id': 'REC-CYB-0084', 'resolved_at_attempt': 1, 'status': 'CORRECTED'}]}
2026-09-11 09:21:17,399 [INFO] ================================================================================
