[2026-09-23 03:56:27,255] [INFO] Starting Ingestion Run INGEST_20260923_035627_ae1795 | Strategy: markdown_header_semantic | Incremental=True
[2026-09-23 03:56:27,262] [INFO] Ingested CS-CRS-001: 4 chunks produced (NEW)
[2026-09-23 03:56:27,262] [INFO] Ingested CS-CRS-002: 4 chunks produced (NEW)
[2026-09-23 03:56:27,263] [INFO] Ingested CS-CRS-003: 4 chunks produced (NEW)
[2026-09-23 03:56:27,264] [INFO] Ingested CS-CRS-004: 4 chunks produced (NEW)
[2026-09-23 03:56:27,265] [INFO] Ingested CS-CRS-005: 4 chunks produced (NEW)
[2026-09-23 03:56:27,265] [INFO] Ingested CS-FAQ-001: 4 chunks produced (NEW)
[2026-09-23 03:56:27,266] [INFO] Ingested CS-FAQ-002: 4 chunks produced (NEW)
[2026-09-23 03:56:27,267] [INFO] Ingested CS-FAQ-003: 4 chunks produced (NEW)
[2026-09-23 03:56:27,268] [INFO] Ingested CS-FAQ-004: 4 chunks produced (NEW)
[2026-09-23 03:56:27,269] [INFO] Ingested CS-FAQ-005: 4 chunks produced (NEW)
[2026-09-23 03:56:27,270] [INFO] Ingested CS-PDF-001_quy_che_dao_tao_thuc_chien: 3 chunks produced (NEW)
[2026-09-23 03:56:27,272] [INFO] Ingested CS-POL-001: 5 chunks produced (NEW)
[2026-09-23 03:56:27,274] [INFO] Ingested CS-POL-002: 4 chunks produced (NEW)
[2026-09-23 03:56:27,276] [INFO] Ingested CS-POL-003: 4 chunks produced (NEW)
[2026-09-23 03:56:27,277] [INFO] Ingested CS-POL-004: 4 chunks produced (NEW)
[2026-09-23 03:56:27,278] [INFO] Ingested CS-POL-005: 4 chunks produced (NEW)
[2026-09-23 03:56:27,279] [INFO] Ingested CS-MOCK-001: 3 chunks produced (NEW)
[2026-09-23 03:56:27,280] [INFO] Ingested CS-TEC-001: 4 chunks produced (NEW)
[2026-09-23 03:56:27,281] [INFO] Ingested CS-TEC-002: 4 chunks produced (NEW)
[2026-09-23 03:56:27,282] [INFO] Ingested CS-TEC-003: 4 chunks produced (NEW)
[2026-09-23 03:56:27,283] [INFO] Ingested CS-TEC-004: 4 chunks produced (NEW)
[2026-09-23 03:56:27,284] [INFO] Ingested CS-TEC-005: 4 chunks produced (NEW)
[2026-09-23 03:56:27,285] [INFO] Ingested CS-TXT-001_so_tay_sinh_vien_cyber_quickstart: 4 chunks produced (NEW)
[2026-09-23 03:56:27,296] [INFO] Completed run INGEST_20260923_035627_ae1795: Ingested=23, Skipped=0, Errored=0, Chunks=91
[2026-09-23 15:59:29,073] [INFO] Starting Ingestion Run INGEST_20260923_155929_4dd640 | Strategy: markdown_header_semantic | Incremental=True
[2026-09-23 15:59:29,086] [INFO] Skipping UNCHANGED document: CS-CRS-001 (CS-CRS-001_lo_trinh_fullstack_web.md)
[2026-09-23 15:59:29,087] [INFO] Skipping UNCHANGED document: CS-CRS-002 (CS-CRS-002_lo_trinh_data_ai_resource_engineer.md)
[2026-09-23 15:59:29,088] [INFO] Skipping UNCHANGED document: CS-CRS-003 (CS-CRS-003_lo_trinh_devops_cloud_computing.md)
[2026-09-23 15:59:29,089] [INFO] Skipping UNCHANGED document: CS-CRS-004 (CS-CRS-004_lo_trinh_cybersecurity_soc.md)
[2026-09-23 15:59:29,090] [INFO] Skipping UNCHANGED document: CS-CRS-005 (CS-CRS-005_lo_trinh_mobile_react_native.md)
[2026-09-23 15:59:29,091] [INFO] Skipping UNCHANGED document: CS-FAQ-001 (CS-FAQ-001_faq_hoc_phi_va_thanh_toan.md)
[2026-09-23 15:59:29,091] [INFO] Skipping UNCHANGED document: CS-FAQ-002 (CS-FAQ-002_faq_hinh_thuc_hoc_online_offline.md)
[2026-09-23 15:59:29,092] [INFO] Skipping UNCHANGED document: CS-FAQ-003 (CS-FAQ-003_faq_ho_tro_mentor_va_review_code.md)
[2026-09-23 15:59:29,093] [INFO] Skipping UNCHANGED document: CS-FAQ-004 (CS-FAQ-004_faq_co_hoi_viec_lam_sau_tot_nghiep.md)
[2026-09-23 15:59:29,094] [INFO] Skipping UNCHANGED document: CS-FAQ-005 (CS-FAQ-005_faq_tai_khoan_lms_va_he_thong.md)
[2026-09-23 15:59:29,094] [INFO] Skipping UNCHANGED document: CS-PDF-001_quy_che_dao_tao_thuc_chien (CS-PDF-001_quy_che_dao_tao_thuc_chien.pdf.txt)
[2026-09-23 15:59:29,095] [INFO] Skipping UNCHANGED document: CS-POL-001 (CS-POL-001_quy_che_bao_luu.md)
[2026-09-23 15:59:29,096] [INFO] Skipping UNCHANGED document: CS-POL-002 (CS-POL-002_chinh_sach_hoan_phi.md)
[2026-09-23 15:59:29,096] [INFO] Skipping UNCHANGED document: CS-POL-003 (CS-POL-003_quy_dinh_diem_danh_do_an.md)
[2026-09-23 15:59:29,097] [INFO] Skipping UNCHANGED document: CS-POL-004 (CS-POL-004_cap_chung_chi_tot_nghiep.md)
[2026-09-23 15:59:29,098] [INFO] Skipping UNCHANGED document: CS-POL-005 (CS-POL-005_hoc_bong_va_ho_tro_viec_lam.md)
[2026-09-23 15:59:29,099] [INFO] Skipping UNCHANGED document: CS-MOCK-001 (CS-POL-006_quy_dinh_phong_thi_online.md)
[2026-09-23 15:59:29,099] [INFO] Skipping UNCHANGED document: CS-TEC-001 (CS-TEC-001_moi_truong_lap_trinh_python_ai.md)
[2026-09-23 15:59:29,100] [INFO] Skipping UNCHANGED document: CS-TEC-002 (CS-TEC-002_quy_chuan_git_va_github_classroom.md)
[2026-09-23 15:59:29,100] [INFO] Skipping UNCHANGED document: CS-TEC-003 (CS-TEC-003_huong_dan_docker_va_database.md)
[2026-09-23 15:59:29,101] [INFO] Skipping UNCHANGED document: CS-TEC-004 (CS-TEC-004_cau_hinh_moi_truong_gpu_cloud.md)
[2026-09-23 15:59:29,101] [INFO] Skipping UNCHANGED document: CS-TEC-005 (CS-TEC-005_quy_chuan_clean_code_va_linting.md)
[2026-09-23 15:59:29,102] [INFO] Skipping UNCHANGED document: CS-TXT-001_so_tay_sinh_vien_cyber_quickstart (CS-TXT-001_so_tay_sinh_vien_cyber_quickstart.txt)
[2026-09-23 15:59:29,132] [INFO] Completed run INGEST_20260923_155929_4dd640: Ingested=0, Skipped=23, Errored=0, Chunks=0
